[28Jun2024 20:54:06.005] [main/INFO] [cpw.mods.modlauncher.Launcher/MODLAUNCHER]: ModLauncher running: args [--launchTarget, forgeclientuserdev, --version, 21.0.42-beta, --assetIndex, asset-index, --assetsDir, C:\Users\Ryan\.gradle\caches\minecraft\assets\1.21, --gameDir, ., --fml.neoForgeVersion, 21.0.42-beta, --fml.fmlVersion, 4.0.6, --fml.mcVersion, 1.21, --fml.neoFormVersion, 20240613.152323]
[28Jun2024 20:54:06.008] [main/INFO] [cpw.mods.modlauncher.Launcher/MODLAUNCHER]: JVM identified as Eclipse Adoptium OpenJDK 64-Bit Server VM 21.0.2+13-LTS
[28Jun2024 20:54:06.009] [main/INFO] [cpw.mods.modlauncher.Launcher/MODLAUNCHER]: ModLauncher 11.0.3+main.0f24dec3 starting: java version 21.0.2 by Eclipse Adoptium; OS Windows 10 arch amd64 version 10.0
[28Jun2024 20:54:06.117] [main/WARN] [net.neoforged.fml.loading.FMLConfig/CORE]: Configuration file G:\GitHub\1.21 Mo Glowstone Plus\mo-glowstone-plus-neo\runs\client\config\fml.toml is not correct. Correcting
[28Jun2024 20:54:06.118] [main/INFO] [net.neoforged.fml.loading.FMLConfig/CORE]: Incorrect key [disableConfigWatcher] was corrected from null to false
[28Jun2024 20:54:06.118] [main/INFO] [net.neoforged.fml.loading.FMLConfig/CORE]: Incorrect key [earlyWindowSkipGLVersions] was corrected from null to []
[28Jun2024 20:54:06.118] [main/INFO] [net.neoforged.fml.loading.FMLConfig/CORE]: Incorrect key [earlyWindowSquir] was corrected from null to false
[28Jun2024 20:54:06.154] [main/INFO] [net.neoforged.fml.loading.ImmediateWindowHandler/]: Loading ImmediateWindowProvider fmlearlywindow
[28Jun2024 20:54:06.262] [main/INFO] [EARLYDISPLAY/]: Trying GL version 4.6
[28Jun2024 20:54:06.335] [main/INFO] [EARLYDISPLAY/]: Requested GL version 4.6 got version 4.6
[28Jun2024 20:54:06.416] [main/INFO] [mixin/]: SpongePowered MIXIN Subsystem Version=0.8.5 Source=union:/C:/Users/Ryan/.gradle/caches/modules-2/files-2.1/net.fabricmc/sponge-mixin/0.13.4+mixin.0.8.5/8adf0cff1795a169141b9e16ad7b9f6e2527a990/sponge-mixin-0.13.4+mixin.0.8.5.jar%23135!/ Service=ModLauncher Env=CLIENT
[28Jun2024 20:54:06.648] [pool-2-thread-1/INFO] [EARLYDISPLAY/]: GL info: AMD Radeon RX 5700 XT GL version 4.6.0 Core Profile Context 23.11.1.231020, ATI Technologies Inc.
[28Jun2024 20:54:06.702] [main/INFO] [net.neoforged.fml.loading.moddiscovery.ModDiscoverer/SCAN]: Found mod file "neoforge-21.0.42-beta.jar" [locator: neoforge devenv provider ([G:\GitHub\1.21 Mo Glowstone Plus\mo-glowstone-plus-neo\.gradle\repositories\ng_dummy_ng\net\neoforged\neoforge\21.0.42-beta\neoforge-21.0.42-beta.jar])]
[28Jun2024 20:54:06.713] [main/INFO] [net.neoforged.fml.loading.moddiscovery.ModDiscoverer/SCAN]: Found mod file "neoforge-21.0.42-beta.jar" [locator: neoforge devenv provider ([G:\GitHub\1.21 Mo Glowstone Plus\mo-glowstone-plus-neo\.gradle\repositories\ng_dummy_ng\net\neoforged\neoforge\21.0.42-beta\neoforge-21.0.42-beta.jar])]
[28Jun2024 20:54:06.724] [main/INFO] [net.neoforged.fml.loading.moddiscovery.ModDiscoverer/SCAN]: Found mod file "main" [locator: userdev mods and services, reader: mod manifest]
[28Jun2024 20:54:06.734] [main/INFO] [net.neoforged.fml.loading.moddiscovery.ModDiscoverer/SCAN]: Found mod file "neoforge-21.0.42-beta.jar" [locator: userdev mods and services, reader: mod manifest]
[28Jun2024 20:54:06.738] [main/INFO] [net.neoforged.fml.loading.moddiscovery.ModDiscoverer/SCAN]: Found mod file "ctd-core-258186-5483842.jar" [locator: userdev mods and services, reader: mod manifest]
[28Jun2024 20:54:06.743] [main/INFO] [net.neoforged.fml.loading.moddiscovery.ModDiscoverer/SCAN]: Found mod file "mo-glowstone-253336-5478547.jar" [locator: userdev mods and services, reader: mod manifest]
[28Jun2024 20:54:06.774] [main/INFO] [net.neoforged.fml.loading.moddiscovery.ModDiscoverer/SCAN]: Found gamelibrary file "mixinextras-neoforge-0.3.5.jar" [locator: userdev mods and services, reader: mod manifest]
[28Jun2024 20:54:06.978] [main/WARN] [net.neoforged.jarjar.selection.JarSelector/]: Attempted to select a dependency jar for JarJar which was passed in as source: mixinextras-neoforge-0.3.5.jar. Using Mod File: C:\Users\Ryan\.gradle\caches\modules-2\files-2.1\io.github.llamalad7\mixinextras-neoforge\0.3.5\ef3ffcf309dae656517b2f120189b1c9b21737dd\mixinextras-neoforge-0.3.5.jar
[28Jun2024 20:54:06.978] [main/INFO] [net.neoforged.fml.loading.moddiscovery.locators.JarInJarDependencyLocator/]: No dependencies to load found. Skipping!
[28Jun2024 20:54:07.153] [main/INFO] [net.neoforged.fml.loading.FMLServiceProvider/CORE]: Loading coremod script-engine for [neoforge]
[28Jun2024 20:54:08.556] [main/INFO] [cpw.mods.modlauncher.LaunchServiceHandler/MODLAUNCHER]: Launching target 'forgeclientuserdev' with arguments [--version, 21.0.42-beta, --gameDir, ., --assetsDir, C:\Users\Ryan\.gradle\caches\minecraft\assets\1.21, --assetIndex, asset-index]
[28Jun2024 20:54:10.005] [Datafixer Bootstrap/INFO] [com.mojang.datafixers.DataFixerBuilder/]: 229 Datafixer optimizations took 306 milliseconds
[28Jun2024 20:54:10.143] [main/WARN] [oshi.driver.windows.perfmon.PerfmonDisabled/]: Invalid registry value type detected for PerfOS counters. Should be REG_DWORD. Ignoring: HKEY_LOCAL_MACHINE\SYSTEM\CurrentControlSet\Services\PerfOS\Performance\Disable Performance Counters.
[28Jun2024 20:54:15.053] [main/WARN] [net.minecraft.commands.Commands/]: Ambiguity between arguments [teleport, location] and [teleport, destination] with inputs: [0.1 -0.5 .9, 0 0 0]
[28Jun2024 20:54:15.054] [main/WARN] [net.minecraft.commands.Commands/]: Ambiguity between arguments [teleport, location] and [teleport, targets] with inputs: [0.1 -0.5 .9, 0 0 0]
[28Jun2024 20:54:15.057] [main/WARN] [net.minecraft.commands.Commands/]: Ambiguity between arguments [teleport, destination] and [teleport, targets] with inputs: [Player, 0123, @e, dd12be42-52a9-4a91-a8a1-11c01849e498]
[28Jun2024 20:54:15.058] [main/WARN] [net.minecraft.commands.Commands/]: Ambiguity between arguments [teleport, targets] and [teleport, destination] with inputs: [Player, 0123, dd12be42-52a9-4a91-a8a1-11c01849e498]
[28Jun2024 20:54:15.059] [main/WARN] [net.minecraft.commands.Commands/]: Ambiguity between arguments [teleport, targets, location] and [teleport, targets, destination] with inputs: [0.1 -0.5 .9, 0 0 0]
[28Jun2024 20:54:15.179] [Render thread/WARN] [net.minecraft.server.packs.VanillaPackResourcesBuilder/]: Assets URL 'union:/G:/GitHub/1.21%20Mo%20Glowstone%20Plus/mo-glowstone-plus-neo/.gradle/repositories/ng_dummy_ng/net/neoforged/neoforge/21.0.42-beta/neoforge-21.0.42-beta.jar%23190!/assets/.mcassetsroot' uses unexpected schema
[28Jun2024 20:54:15.179] [Render thread/WARN] [net.minecraft.server.packs.VanillaPackResourcesBuilder/]: Assets URL 'union:/G:/GitHub/1.21%20Mo%20Glowstone%20Plus/mo-glowstone-plus-neo/.gradle/repositories/ng_dummy_ng/net/neoforged/neoforge/21.0.42-beta/neoforge-21.0.42-beta.jar%23190!/data/.mcassetsroot' uses unexpected schema
[28Jun2024 20:54:15.210] [Render thread/INFO] [com.mojang.authlib.yggdrasil.YggdrasilAuthenticationService/]: Environment: Environment[sessionHost=https://sessionserver.mojang.com, servicesHost=https://api.minecraftservices.com, name=PROD]
[28Jun2024 20:54:15.217] [Render thread/INFO] [net.minecraft.client.Minecraft/]: Setting user: Dev
[28Jun2024 20:54:15.290] [Render thread/INFO] [net.minecraft.client.Minecraft/]: Backend library: LWJGL version 3.3.3+5
[28Jun2024 20:54:15.483] [modloading-worker-0/INFO] [net.neoforged.neoforge.common.NeoForgeMod/NEOFORGE-MOD]: NeoForge mod loading, version 21.0.42-beta, for MC 1.21
[28Jun2024 20:54:16.296] [Render thread/INFO] [net.neoforged.neoforge.gametest.GameTestHooks/]: Enabled Gametest Namespaces: []
[28Jun2024 20:54:16.441] [Render thread/INFO] [net.minecraft.server.packs.resources.ReloadableResourceManager/]: Reloading ResourceManager: vanilla, mod_resources, mod/ctdcore, mod/moglowstone, mod/neoforge, mod/moglowstoneplus
[28Jun2024 20:54:16.573] [Worker-Main-12/INFO] [net.minecraft.client.gui.font.providers.UnihexProvider/]: Found unifont_all_no_pua-15.1.05.hex, loading
[28Jun2024 20:54:16.685] [Render thread/WARN] [net.neoforged.neoforge.common.ModConfigSpec/CORE]: Configuration file G:\GitHub\1.21 Mo Glowstone Plus\mo-glowstone-plus-neo\runs\client\config\neoforge-client.toml is not correct. Correcting
[28Jun2024 20:54:16.691] [Render thread/WARN] [net.neoforged.neoforge.common.ModConfigSpec/CORE]: Incorrect key client was corrected from null to its default, SimpleCommentedConfig:{}. 
[28Jun2024 20:54:16.692] [Render thread/WARN] [net.neoforged.neoforge.common.ModConfigSpec/CORE]: Incorrect key client.experimentalForgeLightPipelineEnabled was corrected from null to its default, false. 
[28Jun2024 20:54:16.693] [Render thread/WARN] [net.neoforged.neoforge.common.ModConfigSpec/CORE]: Incorrect key client.showLoadWarnings was corrected from null to its default, true. 
[28Jun2024 20:54:16.693] [Render thread/WARN] [net.neoforged.neoforge.common.ModConfigSpec/CORE]: Incorrect key client.useCombinedDepthStencilAttachment was corrected from null to its default, false. 
[28Jun2024 20:54:16.770] [Render thread/WARN] [net.neoforged.neoforge.common.ModConfigSpec/CORE]: Configuration file G:\GitHub\1.21 Mo Glowstone Plus\mo-glowstone-plus-neo\runs\client\config\neoforge-common.toml is not correct. Correcting
[28Jun2024 20:54:16.771] [Worker-Main-7/INFO] [net.minecraft.client.gui.font.providers.UnihexProvider/]: Found unifont_jp_patch-15.1.05.hex, loading
[28Jun2024 20:54:16.773] [Render thread/WARN] [net.neoforged.neoforge.common.ModConfigSpec/CORE]: Incorrect key general was corrected from null to its default, SimpleCommentedConfig:{}. 
[28Jun2024 20:54:16.773] [Render thread/WARN] [net.neoforged.neoforge.common.ModConfigSpec/CORE]: Incorrect key general.logUntranslatedItemTagWarnings was corrected from null to its default, SILENCED. 
[28Jun2024 20:54:16.773] [Render thread/WARN] [net.neoforged.neoforge.common.ModConfigSpec/CORE]: Incorrect key general.logLegacyTagWarnings was corrected from null to its default, DEV_SHORT. 
[28Jun2024 20:54:17.026] [Worker-Main-11/INFO] [com.themastergeneral.ctdcore.CTDCore/]: CTD Core for is launching for neoforge v21.0.42-beta
[28Jun2024 20:54:17.026] [Worker-Main-11/INFO] [com.themastergeneral.moglowstone.MoGlowstone/]: Mo' Glowstone for Minecraft NeoForge 21.0.42-beta is launching.
[28Jun2024 20:54:17.154] [Forge Version Check/INFO] [net.neoforged.fml.VersionChecker/]: [ctdcore] Starting version check at https://raw.githubusercontent.com/MasterGeneral156/Version/master/ctd-core-nf.json
[28Jun2024 20:54:17.688] [Forge Version Check/INFO] [net.neoforged.fml.VersionChecker/]: [ctdcore] Found status: UP_TO_DATE Current: 2.6.1b Target: null
[28Jun2024 20:54:17.691] [Forge Version Check/INFO] [net.neoforged.fml.VersionChecker/]: [moglowstone] Starting version check at https://raw.githubusercontent.com/MasterGeneral156/Version/master/mo-glowstone-nf.json
[28Jun2024 20:54:17.849] [Forge Version Check/WARN] [net.neoforged.fml.VersionChecker/]: Failed to process update information
com.google.gson.JsonSyntaxException: com.google.gson.stream.MalformedJsonException: Expected name at line 18 column 3 path $..1.20.4-recommended
	at MC-BOOTSTRAP/com.google.gson@2.10.1/com.google.gson.Gson.fromJson(Gson.java:1241) ~[gson-2.10.1.jar%23107!/:?]
	at MC-BOOTSTRAP/com.google.gson@2.10.1/com.google.gson.Gson.fromJson(Gson.java:1137) ~[gson-2.10.1.jar%23107!/:?]
	at MC-BOOTSTRAP/com.google.gson@2.10.1/com.google.gson.Gson.fromJson(Gson.java:1047) ~[gson-2.10.1.jar%23107!/:?]
	at MC-BOOTSTRAP/com.google.gson@2.10.1/com.google.gson.Gson.fromJson(Gson.java:982) ~[gson-2.10.1.jar%23107!/:?]
	at MC-BOOTSTRAP/fml_loader@4.0.6/net.neoforged.fml.VersionChecker$1.process(VersionChecker.java:167) ~[loader-4.0.6.jar%23143!/:4.0]
	at java.base/java.lang.Iterable.forEach(Iterable.java:75) [?:?]
	at MC-BOOTSTRAP/fml_loader@4.0.6/net.neoforged.fml.VersionChecker$1.run(VersionChecker.java:105) [loader-4.0.6.jar%23143!/:4.0]
Caused by: com.google.gson.stream.MalformedJsonException: Expected name at line 18 column 3 path $..1.20.4-recommended
	at MC-BOOTSTRAP/com.google.gson@2.10.1/com.google.gson.stream.JsonReader.syntaxError(JsonReader.java:1659) ~[gson-2.10.1.jar%23107!/:?]
	at MC-BOOTSTRAP/com.google.gson@2.10.1/com.google.gson.stream.JsonReader.doPeek(JsonReader.java:514) ~[gson-2.10.1.jar%23107!/:?]
	at MC-BOOTSTRAP/com.google.gson@2.10.1/com.google.gson.stream.JsonReader.hasNext(JsonReader.java:422) ~[gson-2.10.1.jar%23107!/:?]
	at MC-BOOTSTRAP/com.google.gson@2.10.1/com.google.gson.internal.bind.ObjectTypeAdapter.read(ObjectTypeAdapter.java:122) ~[gson-2.10.1.jar%23107!/:?]
	at MC-BOOTSTRAP/com.google.gson@2.10.1/com.google.gson.internal.bind.TypeAdapterRuntimeTypeWrapper.read(TypeAdapterRuntimeTypeWrapper.java:40) ~[gson-2.10.1.jar%23107!/:?]
	at MC-BOOTSTRAP/com.google.gson@2.10.1/com.google.gson.internal.bind.MapTypeAdapterFactory$Adapter.read(MapTypeAdapterFactory.java:186) ~[gson-2.10.1.jar%23107!/:?]
	at MC-BOOTSTRAP/com.google.gson@2.10.1/com.google.gson.internal.bind.MapTypeAdapterFactory$Adapter.read(MapTypeAdapterFactory.java:144) ~[gson-2.10.1.jar%23107!/:?]
	at MC-BOOTSTRAP/com.google.gson@2.10.1/com.google.gson.Gson.fromJson(Gson.java:1227) ~[gson-2.10.1.jar%23107!/:?]
	... 6 more
[28Jun2024 20:54:17.850] [Forge Version Check/INFO] [net.neoforged.fml.VersionChecker/]: [moglowstoneplus] Starting version check at https://raw.githubusercontent.com/MasterGeneral156/Version/master/mo-glowstone-plus-nf.json
[28Jun2024 20:54:18.035] [Forge Version Check/INFO] [net.neoforged.fml.VersionChecker/]: [moglowstoneplus] Found status: BETA Current: 1.3.0 Target: null
[28Jun2024 20:54:18.342] [Render thread/WARN] [net.minecraft.client.sounds.SoundEngine/]: Missing sound for event: minecraft:item.goat_horn.play
[28Jun2024 20:54:18.342] [Render thread/WARN] [net.minecraft.client.sounds.SoundEngine/]: Missing sound for event: minecraft:entity.goat.screaming.horn_break
[28Jun2024 20:54:18.385] [Render thread/INFO] [com.mojang.blaze3d.audio.Library/]: OpenAL initialized on device OpenAL Soft on Speakers (High Definition Audio Device)
[28Jun2024 20:54:18.386] [Render thread/INFO] [net.minecraft.client.sounds.SoundEngine/SOUNDS]: Sound engine started
[28Jun2024 20:54:18.546] [Render thread/INFO] [net.minecraft.client.renderer.texture.TextureAtlas/]: Created: 1024x512x4 minecraft:textures/atlas/blocks.png-atlas
[28Jun2024 20:54:18.559] [Render thread/INFO] [net.minecraft.client.renderer.texture.TextureAtlas/]: Created: 256x256x4 minecraft:textures/atlas/signs.png-atlas
[28Jun2024 20:54:18.559] [Render thread/INFO] [net.minecraft.client.renderer.texture.TextureAtlas/]: Created: 512x512x4 minecraft:textures/atlas/banner_patterns.png-atlas
[28Jun2024 20:54:18.560] [Render thread/INFO] [net.minecraft.client.renderer.texture.TextureAtlas/]: Created: 512x512x4 minecraft:textures/atlas/shield_patterns.png-atlas
[28Jun2024 20:54:18.566] [Render thread/INFO] [net.minecraft.client.renderer.texture.TextureAtlas/]: Created: 1024x1024x4 minecraft:textures/atlas/armor_trims.png-atlas
[28Jun2024 20:54:18.579] [Render thread/INFO] [net.minecraft.client.renderer.texture.TextureAtlas/]: Created: 256x256x4 minecraft:textures/atlas/chest.png-atlas
[28Jun2024 20:54:18.580] [Render thread/INFO] [net.minecraft.client.renderer.texture.TextureAtlas/]: Created: 128x64x4 minecraft:textures/atlas/decorated_pot.png-atlas
[28Jun2024 20:54:18.580] [Render thread/INFO] [net.minecraft.client.renderer.texture.TextureAtlas/]: Created: 512x256x4 minecraft:textures/atlas/beds.png-atlas
[28Jun2024 20:54:18.580] [Render thread/INFO] [net.minecraft.client.renderer.texture.TextureAtlas/]: Created: 512x256x4 minecraft:textures/atlas/shulker_boxes.png-atlas
[28Jun2024 20:54:18.892] [Render thread/INFO] [net.minecraft.client.renderer.texture.TextureAtlas/]: Created: 512x256x0 minecraft:textures/atlas/particles.png-atlas
[28Jun2024 20:54:18.895] [Render thread/INFO] [net.minecraft.client.renderer.texture.TextureAtlas/]: Created: 512x256x0 minecraft:textures/atlas/paintings.png-atlas
[28Jun2024 20:54:18.896] [Render thread/INFO] [net.minecraft.client.renderer.texture.TextureAtlas/]: Created: 256x128x0 minecraft:textures/atlas/mob_effects.png-atlas
[28Jun2024 20:54:18.896] [Render thread/INFO] [net.minecraft.client.renderer.texture.TextureAtlas/]: Created: 64x64x0 minecraft:textures/atlas/map_decorations.png-atlas
[28Jun2024 20:54:18.896] [Render thread/INFO] [net.minecraft.client.renderer.texture.TextureAtlas/]: Created: 1024x512x0 minecraft:textures/atlas/gui.png-atlas
[28Jun2024 20:54:18.938] [Render thread/WARN] [net.minecraft.client.renderer.ShaderInstance/]: Shader rendertype_entity_translucent_emissive could not find sampler named Sampler2 in the specified shader program.
[28Jun2024 20:55:05.125] [Render thread/ERROR] [net.minecraft.world.item.crafting.RecipeManager/]: Parsing error loading recipe moglowstone:glowtsone_brick
com.google.gson.JsonParseException: No key id in MapLike[{"item":"moglowstone:brick_glowstone_block","count":4}]
	at MC-BOOTSTRAP/datafixerupper@8.0.16/com.mojang.serialization.DataResult$Error.getOrThrow(DataResult.java:287) ~[datafixerupper-8.0.16.jar%23118!/:?]
	at TRANSFORMER/minecraft@1.21/net.minecraft.world.item.crafting.RecipeManager.apply(RecipeManager.java:60) ~[neoforge-21.0.42-beta.jar%23190!/:?]
	at TRANSFORMER/minecraft@1.21/net.minecraft.world.item.crafting.RecipeManager.apply(RecipeManager.java:36) ~[neoforge-21.0.42-beta.jar%23190!/:?]
	at TRANSFORMER/minecraft@1.21/net.minecraft.server.packs.resources.SimplePreparableReloadListener.lambda$reload$1(SimplePreparableReloadListener.java:19) ~[neoforge-21.0.42-beta.jar%23190!/:?]
	at java.base/java.util.concurrent.CompletableFuture$UniAccept.tryFire(CompletableFuture.java:718) ~[?:?]
	at java.base/java.util.concurrent.CompletableFuture$Completion.run(CompletableFuture.java:482) ~[?:?]
	at TRANSFORMER/minecraft@1.21/net.minecraft.server.packs.resources.SimpleReloadInstance.lambda$new$3(SimpleReloadInstance.java:86) ~[neoforge-21.0.42-beta.jar%23190!/:?]
	at TRANSFORMER/minecraft@1.21/net.minecraft.util.thread.BlockableEventLoop.doRunTask(BlockableEventLoop.java:148) ~[neoforge-21.0.42-beta.jar%23190!/:?]
	at TRANSFORMER/minecraft@1.21/net.minecraft.util.thread.ReentrantBlockableEventLoop.doRunTask(ReentrantBlockableEventLoop.java:24) ~[neoforge-21.0.42-beta.jar%23190!/:?]
	at TRANSFORMER/minecraft@1.21/net.minecraft.util.thread.BlockableEventLoop.pollTask(BlockableEventLoop.java:122) ~[neoforge-21.0.42-beta.jar%23190!/:?]
	at TRANSFORMER/minecraft@1.21/net.minecraft.util.thread.BlockableEventLoop.managedBlock(BlockableEventLoop.java:132) ~[neoforge-21.0.42-beta.jar%23190!/:?]
	at TRANSFORMER/minecraft@1.21/net.minecraft.client.gui.screens.worldselection.CreateWorldScreen.openFresh(CreateWorldScreen.java:139) ~[neoforge-21.0.42-beta.jar%23190!/:?]
	at TRANSFORMER/minecraft@1.21/net.minecraft.client.gui.screens.worldselection.WorldSelectionList.loadLevels(WorldSelectionList.java:192) ~[neoforge-21.0.42-beta.jar%23190!/:?]
	at TRANSFORMER/minecraft@1.21/net.minecraft.client.gui.screens.worldselection.WorldSelectionList.<init>(WorldSelectionList.java:111) ~[neoforge-21.0.42-beta.jar%23190!/:?]
	at TRANSFORMER/minecraft@1.21/net.minecraft.client.gui.screens.worldselection.SelectWorldScreen.init(SelectWorldScreen.java:40) ~[neoforge-21.0.42-beta.jar%23190!/:?]
	at TRANSFORMER/minecraft@1.21/net.minecraft.client.gui.screens.Screen.init(Screen.java:317) ~[neoforge-21.0.42-beta.jar%23190!/:?]
	at TRANSFORMER/minecraft@1.21/net.minecraft.client.Minecraft.setScreen(Minecraft.java:1060) ~[neoforge-21.0.42-beta.jar%23190!/:?]
	at TRANSFORMER/minecraft@1.21/net.minecraft.client.gui.screens.TitleScreen.lambda$createNormalMenuOptions$7(TitleScreen.java:161) ~[neoforge-21.0.42-beta.jar%23190!/:?]
	at TRANSFORMER/minecraft@1.21/net.minecraft.client.gui.components.Button.onPress(Button.java:41) ~[neoforge-21.0.42-beta.jar%23190!/:?]
	at TRANSFORMER/minecraft@1.21/net.minecraft.client.gui.components.AbstractButton.onClick(AbstractButton.java:47) ~[neoforge-21.0.42-beta.jar%23190!/:?]
	at TRANSFORMER/neoforge@21.0.42-beta/net.neoforged.neoforge.client.extensions.IAbstractWidgetExtension.onClick(IAbstractWidgetExtension.java:36) ~[neoforge-21.0.42-beta.jar%23191!/:?]
	at TRANSFORMER/minecraft@1.21/net.minecraft.client.gui.components.AbstractWidget.mouseClicked(AbstractWidget.java:144) ~[neoforge-21.0.42-beta.jar%23190!/:?]
	at TRANSFORMER/minecraft@1.21/net.minecraft.client.gui.components.events.ContainerEventHandler.mouseClicked(ContainerEventHandler.java:40) ~[neoforge-21.0.42-beta.jar%23190!/:?]
	at TRANSFORMER/minecraft@1.21/net.minecraft.client.gui.screens.TitleScreen.mouseClicked(TitleScreen.java:340) ~[neoforge-21.0.42-beta.jar%23190!/:?]
	at TRANSFORMER/minecraft@1.21/net.minecraft.client.MouseHandler.lambda$onPress$0(MouseHandler.java:98) ~[neoforge-21.0.42-beta.jar%23190!/:?]
	at TRANSFORMER/minecraft@1.21/net.minecraft.client.gui.screens.Screen.wrapScreenError(Screen.java:449) ~[neoforge-21.0.42-beta.jar%23190!/:?]
	at TRANSFORMER/minecraft@1.21/net.minecraft.client.MouseHandler.onPress(MouseHandler.java:95) ~[neoforge-21.0.42-beta.jar%23190!/:?]
	at TRANSFORMER/minecraft@1.21/net.minecraft.client.MouseHandler.lambda$setup$4(MouseHandler.java:202) ~[neoforge-21.0.42-beta.jar%23190!/:?]
	at TRANSFORMER/minecraft@1.21/net.minecraft.util.thread.BlockableEventLoop.execute(BlockableEventLoop.java:98) ~[neoforge-21.0.42-beta.jar%23190!/:?]
	at TRANSFORMER/minecraft@1.21/net.minecraft.client.MouseHandler.lambda$setup$5(MouseHandler.java:202) ~[neoforge-21.0.42-beta.jar%23190!/:?]
	at MC-BOOTSTRAP/org.lwjgl.glfw@3.3.3+5/org.lwjgl.glfw.GLFWMouseButtonCallbackI.callback(GLFWMouseButtonCallbackI.java:43) ~[lwjgl-glfw-3.3.3.jar%23171!/:build 5]
	at MC-BOOTSTRAP/org.lwjgl@3.3.3+5/org.lwjgl.system.JNI.invokeV(Native Method) ~[lwjgl-3.3.3.jar%23182!/:build 5]
	at MC-BOOTSTRAP/org.lwjgl.glfw@3.3.3+5/org.lwjgl.glfw.GLFW.glfwWaitEventsTimeout(GLFW.java:3509) ~[lwjgl-glfw-3.3.3.jar%23171!/:build 5]
	at TRANSFORMER/minecraft@1.21/com.mojang.blaze3d.systems.RenderSystem.limitDisplayFPS(RenderSystem.java:162) ~[neoforge-21.0.42-beta.jar%23190!/:?]
	at TRANSFORMER/minecraft@1.21/net.minecraft.client.Minecraft.runTick(Minecraft.java:1223) ~[neoforge-21.0.42-beta.jar%23190!/:?]
	at TRANSFORMER/minecraft@1.21/net.minecraft.client.Minecraft.run(Minecraft.java:810) ~[neoforge-21.0.42-beta.jar%23190!/:?]
	at TRANSFORMER/minecraft@1.21/net.minecraft.client.main.Main.main(Main.java:230) ~[neoforge-21.0.42-beta.jar%23190!/:?]
	at java.base/jdk.internal.reflect.DirectMethodHandleAccessor.invoke(DirectMethodHandleAccessor.java:103) ~[?:?]
	at java.base/java.lang.reflect.Method.invoke(Method.java:580) ~[?:?]
	at MC-BOOTSTRAP/fml_loader@4.0.6/net.neoforged.fml.loading.targets.CommonLaunchHandler.runTarget(CommonLaunchHandler.java:136) ~[loader-4.0.6.jar%23143!/:4.0]
	at MC-BOOTSTRAP/fml_loader@4.0.6/net.neoforged.fml.loading.targets.CommonLaunchHandler.clientService(CommonLaunchHandler.java:124) ~[loader-4.0.6.jar%23143!/:4.0]
	at MC-BOOTSTRAP/fml_loader@4.0.6/net.neoforged.fml.loading.targets.NeoForgeClientUserdevLaunchHandler.runService(NeoForgeClientUserdevLaunchHandler.java:23) ~[loader-4.0.6.jar%23143!/:4.0]
	at MC-BOOTSTRAP/fml_loader@4.0.6/net.neoforged.fml.loading.targets.CommonLaunchHandler.lambda$launchService$4(CommonLaunchHandler.java:118) ~[loader-4.0.6.jar%23143!/:4.0]
	at MC-BOOTSTRAP/cpw.mods.modlauncher@11.0.3/cpw.mods.modlauncher.LaunchServiceHandlerDecorator.launch(LaunchServiceHandlerDecorator.java:30) [modlauncher-11.0.3.jar%23125!/:?]
	at MC-BOOTSTRAP/cpw.mods.modlauncher@11.0.3/cpw.mods.modlauncher.LaunchServiceHandler.launch(LaunchServiceHandler.java:53) [modlauncher-11.0.3.jar%23125!/:?]
	at MC-BOOTSTRAP/cpw.mods.modlauncher@11.0.3/cpw.mods.modlauncher.LaunchServiceHandler.launch(LaunchServiceHandler.java:71) [modlauncher-11.0.3.jar%23125!/:?]
	at MC-BOOTSTRAP/cpw.mods.modlauncher@11.0.3/cpw.mods.modlauncher.Launcher.run(Launcher.java:103) [modlauncher-11.0.3.jar%23125!/:?]
	at MC-BOOTSTRAP/cpw.mods.modlauncher@11.0.3/cpw.mods.modlauncher.Launcher.main(Launcher.java:74) [modlauncher-11.0.3.jar%23125!/:?]
	at MC-BOOTSTRAP/cpw.mods.modlauncher@11.0.3/cpw.mods.modlauncher.BootstrapLaunchConsumer.accept(BootstrapLaunchConsumer.java:26) [modlauncher-11.0.3.jar%23125!/:?]
	at MC-BOOTSTRAP/cpw.mods.modlauncher@11.0.3/cpw.mods.modlauncher.BootstrapLaunchConsumer.accept(BootstrapLaunchConsumer.java:23) [modlauncher-11.0.3.jar%23125!/:?]
	at cpw.mods.bootstraplauncher@2.0.2/cpw.mods.bootstraplauncher.BootstrapLauncher.run(BootstrapLauncher.java:210) [bootstraplauncher-2.0.2.jar:?]
	at cpw.mods.bootstraplauncher@2.0.2/cpw.mods.bootstraplauncher.BootstrapLauncher.main(BootstrapLauncher.java:69) [bootstraplauncher-2.0.2.jar:?]
[28Jun2024 20:55:05.149] [Render thread/INFO] [net.minecraft.world.item.crafting.RecipeManager/]: Loaded 1321 recipes
[28Jun2024 20:55:05.300] [Render thread/INFO] [net.minecraft.advancements.AdvancementTree/]: Loaded 1399 advancements
[28Jun2024 20:55:11.325] [Server thread/INFO] [net.minecraft.client.server.IntegratedServer/]: Starting integrated minecraft server version 1.21
[28Jun2024 20:55:11.325] [Server thread/INFO] [net.minecraft.server.MinecraftServer/]: Generating keypair
[28Jun2024 20:55:11.420] [Server thread/WARN] [net.neoforged.neoforge.common.ModConfigSpec/CORE]: Configuration file G:\GitHub\1.21 Mo Glowstone Plus\mo-glowstone-plus-neo\runs\client\config\neoforge-server.toml is not correct. Correcting
[28Jun2024 20:55:11.423] [Server thread/WARN] [net.neoforged.neoforge.common.ModConfigSpec/CORE]: Incorrect key server was corrected from null to its default, SimpleCommentedConfig:{}. 
[28Jun2024 20:55:11.423] [Server thread/WARN] [net.neoforged.neoforge.common.ModConfigSpec/CORE]: Incorrect key server.removeErroringBlockEntities was corrected from null to its default, false. 
[28Jun2024 20:55:11.423] [Server thread/WARN] [net.neoforged.neoforge.common.ModConfigSpec/CORE]: Incorrect key server.removeErroringEntities was corrected from null to its default, false. 
[28Jun2024 20:55:11.423] [Server thread/WARN] [net.neoforged.neoforge.common.ModConfigSpec/CORE]: Incorrect key server.fullBoundingBoxLadders was corrected from null to its default, false. 
[28Jun2024 20:55:11.423] [Server thread/WARN] [net.neoforged.neoforge.common.ModConfigSpec/CORE]: Incorrect key server.permissionHandler was corrected from null to its default, neoforge:default_handler. 
[28Jun2024 20:55:11.423] [Server thread/WARN] [net.neoforged.neoforge.common.ModConfigSpec/CORE]: Incorrect key server.advertiseDedicatedServerToLan was corrected from null to its default, true. 
[28Jun2024 20:55:11.851] [Server thread/INFO] [net.minecraft.server.MinecraftServer/]: Preparing start region for dimension minecraft:overworld
[28Jun2024 20:55:11.882] [progressListener/INFO] [net.minecraft.server.level.progress.LoggerChunkProgressListener/]: Preparing spawn area: 2%
[28Jun2024 20:55:12.316] [Server thread/INFO] [net.neoforged.neoforge.server.permission.PermissionAPI/]: Successfully initialized permission handler neoforge:default_handler
[28Jun2024 20:55:12.324] [progressListener/INFO] [net.minecraft.server.level.progress.LoggerChunkProgressListener/]: Time elapsed: 461 ms
[28Jun2024 20:55:12.357] [Server thread/INFO] [net.minecraft.client.server.IntegratedServer/]: Changing view distance to 12, from 10
[28Jun2024 20:55:12.358] [Server thread/INFO] [net.minecraft.client.server.IntegratedServer/]: Changing simulation distance to 12, from 0
[28Jun2024 20:55:13.012] [Server thread/INFO] [net.minecraft.server.players.PlayerList/]: Dev[local:E:ca53de36] logged in with entity id 1 at (10.5, -60.0, 9.5)
[28Jun2024 20:55:13.064] [Server thread/INFO] [net.minecraft.server.MinecraftServer/]: Dev joined the game
[28Jun2024 20:55:13.240] [Render thread/INFO] [net.minecraft.advancements.AdvancementTree/]: Loaded 2 advancements
[28Jun2024 20:55:56.884] [Render thread/INFO] [net.minecraft.advancements.AdvancementTree/]: Loaded 5 advancements
[28Jun2024 20:56:03.369] [Server thread/INFO] [net.minecraft.client.server.IntegratedServer/]: Saving and pausing game...
[28Jun2024 20:56:03.402] [Server thread/INFO] [net.minecraft.server.MinecraftServer/]: Saving chunks for level 'ServerLevel[New World]'/minecraft:overworld
[28Jun2024 20:56:03.414] [Server thread/INFO] [net.minecraft.server.MinecraftServer/]: Saving chunks for level 'ServerLevel[New World]'/minecraft:the_end
[28Jun2024 20:56:03.420] [Server thread/INFO] [net.minecraft.server.MinecraftServer/]: Saving chunks for level 'ServerLevel[New World]'/minecraft:the_nether
[28Jun2024 20:56:03.723] [Server thread/INFO] [net.minecraft.server.network.ServerGamePacketListenerImpl/]: Dev lost connection: Disconnected
[28Jun2024 20:56:03.723] [Server thread/INFO] [net.minecraft.server.MinecraftServer/]: Dev left the game
[28Jun2024 20:56:03.741] [Server thread/INFO] [net.minecraft.server.network.ServerCommonPacketListenerImpl/]: Stopping singleplayer server as player logged out
[28Jun2024 20:56:03.769] [Server thread/INFO] [net.minecraft.server.MinecraftServer/]: Stopping server
[28Jun2024 20:56:03.769] [Server thread/INFO] [net.minecraft.server.MinecraftServer/]: Saving players
[28Jun2024 20:56:03.769] [Server thread/INFO] [net.minecraft.server.MinecraftServer/]: Saving worlds
[28Jun2024 20:56:05.272] [Server thread/INFO] [net.minecraft.server.MinecraftServer/]: Saving chunks for level 'ServerLevel[New World]'/minecraft:overworld
[28Jun2024 20:56:05.308] [Server thread/INFO] [net.minecraft.server.MinecraftServer/]: Saving chunks for level 'ServerLevel[New World]'/minecraft:the_end
[28Jun2024 20:56:05.312] [Server thread/INFO] [net.minecraft.server.MinecraftServer/]: Saving chunks for level 'ServerLevel[New World]'/minecraft:the_nether
[28Jun2024 20:56:05.328] [Server thread/INFO] [net.minecraft.server.MinecraftServer/]: ThreadedAnvilChunkStorage (New World): All chunks are saved
[28Jun2024 20:56:05.328] [Server thread/INFO] [net.minecraft.server.MinecraftServer/]: ThreadedAnvilChunkStorage (DIM1): All chunks are saved
[28Jun2024 20:56:05.328] [Server thread/INFO] [net.minecraft.server.MinecraftServer/]: ThreadedAnvilChunkStorage (DIM-1): All chunks are saved
[28Jun2024 20:56:05.328] [Server thread/INFO] [net.minecraft.server.MinecraftServer/]: ThreadedAnvilChunkStorage: All dimensions are saved
[28Jun2024 20:56:06.083] [Render thread/INFO] [net.minecraft.client.Minecraft/]: Stopping!
